// Jest Snapshot v1, https://goo.gl/fbAQLP

exports[`matches the flash snapshot 1`] = `<div />`;
