// Jest Snapshot v1, https://goo.gl/fbAQLP

exports[`matches the Display Tips snapshot 1`] = `
<div>
  <div
    className="d-flex justify-content-center align-items-center spinner__wrapper"
  >
    <div
      className="spinner-border text-primary"
      role="status"
    >
      <span
        className="sr-only"
      >
        Loading...
      </span>
    </div>
  </div>
  <div
    className="user__info p-3"
  >
    <div
      className="rounded p-3 mt-4"
    >
      <div />
    </div>
  </div>
  <div
    className="d-flex flex-column mb-5"
  >
    <div>
      <div
        className="carousel slide"
        onKeyDown={[Function]}
        onMouseOut={[Function]}
        onMouseOver={[Function]}
        onTouchEnd={[Function]}
        onTouchMove={[Function]}
        onTouchStart={[Function]}
      >
        <ol
          className="carousel-indicators"
        />
        <div
          className="carousel-inner"
        />
        <a
          className="carousel-control-prev"
          href="#"
          onClick={[Function]}
          onKeyDown={[Function]}
          role="button"
        >
          <span
            aria-hidden="true"
            className="carousel-control-prev-icon"
          />
          <span
            className="sr-only"
          >
            Previous
          </span>
        </a>
        <a
          className="carousel-control-next"
          href="#"
          onClick={[Function]}
          onKeyDown={[Function]}
          role="button"
        >
          <span
            aria-hidden="true"
            className="carousel-control-next-icon"
          />
          <span
            className="sr-only"
          >
            Next
          </span>
        </a>
      </div>
    </div>
  </div>
</div>
`;
