// Jest Snapshot v1, https://goo.gl/fbAQLP

exports[`matches the tip detail snapshot 1`] = `
<div>
  <div
    className="d-flex justify-content-center align-items-center spinner__wrapper"
  >
    <div
      className="spinner-border text-primary"
      role="status"
    >
      <span
        className="sr-only"
      >
        Loading...
      </span>
    </div>
  </div>
  <div
    className="user__info p-3"
  >
    <div
      className="rounded p-3 mt-4"
    >
      <div />
    </div>
  </div>
  <div
    className="min-vh-100 bg-main p-3"
  >
    <div />
    <div
      className="shadow no-gutters rounded bg-white mb-3 row infoCarousel__wrapper-desc-info-detail mx-auto"
    >
      <div
        className="p-3"
      >
        <div
          className=""
        >
          <h3
            className="font-weight-bold mb-2 text-orange"
          />
          <p />
        </div>
        <div
          className="my-2 d-flex justify-content-between more-details"
        >
          <div>
            <div
              className="d-flex align-items-center"
            >
              <div
                className="px-2"
              >
                <p
                  className="font-weight-bold text-uppercase"
                >
                  Instructions
                </p>
                <p />
              </div>
            </div>
          </div>
          <div>
            <div
              className="d-flex align-items-center"
            >
              <div
                className="px-2"
              >
                <p
                  className="font-weight-bold text-uppercase"
                >
                  Benefits
                </p>
                <p />
              </div>
            </div>
          </div>
        </div>
        <button
          className="details-btn btn button-orange text-light font-weight-bold"
          onClick={[Function]}
          type="button"
        >
          Add to favourites
        </button>
      </div>
    </div>
  </div>
</div>
`;
